Component Cache update report - 24-Sep-2012  11:39:00

Designator          Part Type           Component Library Reference        Sheet                         
---------------------------------------------------------------------------------------------------------

D1                                      DIODE                              D>MSACCESS:$RP>D:\SourceCode\feedfish\sch$RN>FeedFish.ddb$OP>$ON>Main.Sch$ID>19$ATTR>0$E>Sch$STF>
D2                                      DIODE                              D>MSACCESS:$RP>D:\SourceCode\feedfish\sch$RN>FeedFish.ddb$OP>$ON>Main.Sch$ID>19$ATTR>0$E>Sch$STF>
D3                                      DIODE                              D>MSACCESS:$RP>D:\SourceCode\feedfish\sch$RN>FeedFish.ddb$OP>$ON>Main.Sch$ID>19$ATTR>0$E>Sch$STF>
D4                                      DIODE                              D>MSACCESS:$RP>D:\SourceCode\feedfish\sch$RN>FeedFish.ddb$OP>$ON>Main.Sch$ID>19$ATTR>0$E>Sch$STF>
D5                                      DIODE                              D>MSACCESS:$RP>D:\SourceCode\feedfish\sch$RN>FeedFish.ddb$OP>$ON>Main.Sch$ID>19$ATTR>0$E>Sch$STF>
D6                                      DIODE                              D>MSACCESS:$RP>D:\SourceCode\feedfish\sch$RN>FeedFish.ddb$OP>$ON>Main.Sch$ID>19$ATTR>0$E>Sch$STF>
D7                                      DIODE                              D>MSACCESS:$RP>D:\SourceCode\feedfish\sch$RN>FeedFish.ddb$OP>$ON>Main.Sch$ID>19$ATTR>0$E>Sch$STF>
D8                                      DIODE                              D>MSACCESS:$RP>D:\SourceCode\feedfish\sch$RN>FeedFish.ddb$OP>$ON>Main.Sch$ID>19$ATTR>0$E>Sch$STF>
D9                                      DIODE                              D>MSACCESS:$RP>D:\SourceCode\feedfish\sch$RN>FeedFish.ddb$OP>$ON>Main.Sch$ID>19$ATTR>0$E>Sch$STF>
D10                                     DIODE                              D>MSACCESS:$RP>D:\SourceCode\feedfish\sch$RN>FeedFish.ddb$OP>$ON>Main.Sch$ID>19$ATTR>0$E>Sch$STF>
D11                                     DIODE                              D>MSACCESS:$RP>D:\SourceCode\feedfish\sch$RN>FeedFish.ddb$OP>$ON>Main.Sch$ID>19$ATTR>0$E>Sch$STF>
D12                                     DIODE                              D>MSACCESS:$RP>D:\SourceCode\feedfish\sch$RN>FeedFish.ddb$OP>$ON>Main.Sch$ID>19$ATTR>0$E>Sch$STF>
D13                                     DIODE                              D>MSACCESS:$RP>D:\SourceCode\feedfish\sch$RN>FeedFish.ddb$OP>$ON>Main.Sch$ID>19$ATTR>0$E>Sch$STF>
D14                                     DIODE                              D>MSACCESS:$RP>D:\SourceCode\feedfish\sch$RN>FeedFish.ddb$OP>$ON>Main.Sch$ID>19$ATTR>0$E>Sch$STF>
D15                                     DIODE                              D>MSACCESS:$RP>D:\SourceCode\feedfish\sch$RN>FeedFish.ddb$OP>$ON>Main.Sch$ID>19$ATTR>0$E>Sch$STF>
D16                                     DIODE                              D>MSACCESS:$RP>D:\SourceCode\feedfish\sch$RN>FeedFish.ddb$OP>$ON>Main.Sch$ID>19$ATTR>0$E>Sch$STF>
